 **********************************************************************
                          MRCC program system
 **********************************************************************
 
                              Written by
     Mihaly Kallay, Peter R. Nagy, David Mester, Laszlo Gyevi-Nagy,
        Jozsef Csoka, P. Bernat Szabo, Zoltan Rolik, Gyula Samu,
     Jozsef Csontos, Bence Hegely, Adam Ganyecz, Istvan Ladjanszki,
       Lorant Szegedy, Bence Ladoczki, Klara Petrov, Mate Farkas,
                    Pal D. Mezei, and Reka A. Horvath
 
        Department of Physical Chemistry and Materials Science
            Budapest University of Technology and Economics
                  Budapest P.O.Box 91, H-1521 Hungary
 
                              www.mrcc.hu
 
                      Release date: March 18, 2022

 ************************ 2023-08-02 15:44:14 *************************
 Executing minp...

 Reading input from MINP...
 
 Input file:
 
calc=CCSDT(Q)
verbosity=3
mem=1500GB
unit=angs
scfiguess=sad
ccprog=mrcc
ECP=MCDHF-ECP-60
basis=def2-SVP
ovirt=MP2
core=16
unit=angs
geom=xyz
    4
Au4_1
Au     0.58885852     0.39545018     1.09613554
Au    -0.59271424    -0.39135590    -1.09567895
Au    -1.34131629    -1.43664851     1.23837741
Au     1.34131629     1.43664851    -1.23837741
 
 
 Checking keyword combinations...
 
 Keywords:
 
 active=none
 agrid=ld0006-ld0590
 agrid_pssp=ld0006-ld0194
 agrid_pssp_sm=ld0006-ld0074
 basis=def2-svp
 basis_sm=none
 basopt=off
 bfbasis=none
 bfgsmem=10
 bfgstol=1.0d-3
 bpcompo=0.985
 bpcompv=0.98
 bpdfo=0.985
 bpocc=0.985
 bppdo=0.985
 bppdv=0.98
 bpedo=0.985
 bpedv=0.98
 calc=ccsdt(q)
 ccmaxit=50
 ccprog=mrcc
 ccsdalg=disk
 ccsdmkl=seq
 ccsdrest=off
 ccsdthreads=2
 cctol=6
 charge=0
 cialg=disk
 ciguess=off
 cmpgrp=auto
 comprest=off
 core=16
 corembed=off
 csapprox=off
 cvs=off
 dboc=off
 delocsomofact=
 dendec=cholesky
 dens=0
 dfalg=lineq
 dfbasis_cab=none
 dfbasis_cor=none
 dfbasis_scf=none
 dfbasis_scf_sm=none
 dfintran=ovirt
 dft=off
 dhexc=adc(2)
 diag=david
 docc=
 domrad=10.d0
 drpaalg=fit
 dual=off
 dual_df=off
 ecp=mcdhf-ecp-60
 edisp=off
 edisp_embed=off
 embed=off
 etemp=300
 epert=none
 eps=
 espcharge=off
 excrad=0.d0
 excrad_fin=0.000000000D+00
 fitting=coulomb
 fmm=off
 fmmord=8
 freq=off
 gamma=1.d0
 gauss=spher
 geom=xyz
 gopt=off
 ghost=none
 gtol=7
 grdens=off
 gridbatch_cos=2000
 grtol=10
 guido_ct=off
 hamilton=dc
 iface=none
 intalg=auto
 itol=10
 laptol=1.d-2
 lccoporder=trffirst
 lcorthr=normal
 lccrest=off
 lmp2dens=on
 lnoepso=0.d0
 lnoepsv=1e-6
 boysalg=jacobi
 localcc=off
 localcorrsymm=off
 locintrf=disk
 mact=
 maxact=off
 maxdim=100
 maxex=0
 maxmicroit=100
 mcscfiguess=hf
 mem=1500gb
 mmprog=
 molden=on
 mpitasks=1
 mulmet=0
 mult=
 nacto=0
 nactv=0
 naf_amp=1.d-2
 naf_cor=off
 naf_scf=off
 nafalg=albe
 naftyp=
 nchol=auto
 ndeps=1e-3
 nstate=1
 nsing=0
 nto=off
 ntrip=0
 occ=
 occri=off
 oniom=off
 oniom_eechg=off
 oniom_pcm=off
 oniom_qcorr=off
 optalg=
 optmaxit=50
 optetol=1e-6
 optex=0
 optgtol=1e-4
 optstol=1e-3
 orblocc=off
 orbloce=off
 orbloco=off
 orblocv=off
 orblocguess=cholesky
 osveps=1e-3
 ovirt=mp2
 ovltol=1e-7
 ovosnorb=80.0
 pcm=off
 popul=off
 pressure=100000
 pssp=off
 ptfreq=0.0
 ptthreads=2
 qro=off
 qscf=off
 qmmm=off
 redcost_exc=off
 redcost_tddft=off
 refdet=none
 rest=0
 rgrid=log3
 rism=off
 rohfcore=semicanonical
 rohftype=semicanonical
 scfalg=auto
 scf_conv=difficult
 scfdamp=0.0d0
 scfdamp_mode=off
 scfdamp_end=50
 scfdamp_dampstep=0.d0
 scfdamp_dtol=0.0d0
 scfdamp_maxfact=0.0d0
 scfdamp_minfact=0.0d0
 scfdiis=on
 scfdiis_dtol=0.0d0
 scfdiis_end=50
 scfdiis_start=2
 scfdiis_step=1
 scfdiis_watch=off
 scfdiis_wrange=10
 scfdiis_wlimit=5
 scfdiis_delmax=2
 scfdtol=7
 scfext=10
 scfguessdens=
 scfiguess=sad
 scfloc=off
 scflshift=0.20
 scflshift_end=8
 scflshift_dtol=0.0
 scflshift_gaptol=0.20
 scfmaxit=50
 scftype=
 scftol=6
 scspe=1.d0
 scsph=1.d0
 scsps=1.2d0
 scsps_t=1.2d0
 scspt=0.33333333333333
 scspt_t=0.33333333333333
 scspv=1.d0
 spairtol=1e-4
 sqmprog=
 subminp=top
 symm=
 talg=occ
 temp=298.15
 test=off
 theodore=off
 tlmo=0.999
 tpao=0.94
 tprint=off
 uncontract=off
 unit=angs
 usedisk=2
 verbosity=3
 wpairtol=0.100000000E-05

 ************************ 2023-08-02 15:44:14 *************************
 Executing integ...

 Allocation of 1500.0 Gbytes of memory...
 
 
 Number of atoms:                  4
 Charge:                           0
 Number of electrons:             76
 Number of core electrons:        32
 Spin multiplicity:                1
 
                 Cartesian coordinates [bohr]      Atomic mass [AMU]  Z
   1  Au    1.11278133    0.74729254    2.07139597   196.966543      79
   2  Au   -1.12006758   -0.73955547   -2.07053314   196.966543      79
   3  Au   -2.53472044   -2.71487222    2.34019414   196.966543      79
   4  Au    2.53472044    2.71487222   -2.34019414   196.966543      79
 
 This molecule is an asymmetric top.
 
 Rotational constants [cm-1]: 
      0.025101390069      0.007929541899      0.006025950083
 
 Point group: C1  
 Computational point group: C1  
 
 Cartesian coordinates in standard orientation [bohr]
   1  Au    0.00058418    2.46732219    0.00266499
   2  Au   -0.00052527   -2.46744293    0.00266473
   3  Au   -4.39000069    0.00037215   -0.00266483
   4  Au    4.38994177   -0.00025141   -0.00266490
 
 Nuclear repulsion energy [au]:        401.014549397316
 
 
 Basis set information:
 
 Maximum angular momentum: h
 Maximum number of contracted Gaussians:    6
 Maximum number of primitive Gaussians:     7
 Spherical harmonic GTOs are used.
 
   1  Au def2-svp [ 7s 6p 5d 1f | 6s 3p 2d 1f ]
   2  Au def2-svp [ 7s 6p 5d 1f | 6s 3p 2d 1f ]
   3  Au def2-svp [ 7s 6p 5d 1f | 6s 3p 2d 1f ]
   4  Au def2-svp [ 7s 6p 5d 1f | 6s 3p 2d 1f ]
 
 Basis functions:
            1             2             3             4             5             6             7             8             9            10
    0    1Au1s         1Au2s         1Au3s         1Au4s         1Au5s         1Au6s         1Au1pz        1Au1py        1Au1px        1Au2pz    
    1    1Au2py        1Au2px        1Au3pz        1Au3py        1Au3px        1Au1d-2       1Au1d-1       1Au1d0        1Au1d+1       1Au1d+2   
    2    1Au2d-2       1Au2d-1       1Au2d0        1Au2d+1       1Au2d+2       1Au1f-3       1Au1f-2       1Au1f-1       1Au1f0        1Au1f+1   
    3    1Au1f+2       1Au1f+3       2Au1s         2Au2s         2Au3s         2Au4s         2Au5s         2Au6s         2Au1pz        2Au1py    
    4    2Au1px        2Au2pz        2Au2py        2Au2px        2Au3pz        2Au3py        2Au3px        2Au1d-2       2Au1d-1       2Au1d0    
    5    2Au1d+1       2Au1d+2       2Au2d-2       2Au2d-1       2Au2d0        2Au2d+1       2Au2d+2       2Au1f-3       2Au1f-2       2Au1f-1   
    6    2Au1f0        2Au1f+1       2Au1f+2       2Au1f+3       3Au1s         3Au2s         3Au3s         3Au4s         3Au5s         3Au6s     
    7    3Au1pz        3Au1py        3Au1px        3Au2pz        3Au2py        3Au2px        3Au3pz        3Au3py        3Au3px        3Au1d-2   
    8    3Au1d-1       3Au1d0        3Au1d+1       3Au1d+2       3Au2d-2       3Au2d-1       3Au2d0        3Au2d+1       3Au2d+2       3Au1f-3   
    9    3Au1f-2       3Au1f-1       3Au1f0        3Au1f+1       3Au1f+2       3Au1f+3       4Au1s         4Au2s         4Au3s         4Au4s     
   10    4Au5s         4Au6s         4Au1pz        4Au1py        4Au1px        4Au2pz        4Au2py        4Au2px        4Au3pz        4Au3py    
   11    4Au3px        4Au1d-2       4Au1d-1       4Au1d0        4Au1d+1       4Au1d+2       4Au2d-2       4Au2d-1       4Au2d0        4Au2d+1   
   12    4Au2d+2       4Au1f-3       4Au1f-2       4Au1f-1       4Au1f0        4Au1f+1       4Au1f+2       4Au1f+3   
 
 Maximum number of basis functions per shell:   10
 Total number of basis functions:    128
 
 
 Effective core potentials:
 
   1  Au mcdhf-ecp-60        
   2  Au mcdhf-ecp-60        
   3  Au mcdhf-ecp-60        
   4  Au mcdhf-ecp-60        
 
 Initializing the SAD routines for the initial guess...
 Checking the files required for the initial guess...
 Density files have not been found for the initial guess.
 Generating SCFDENSITIES.Au.def2-svp.0
 CPU time [min]:     0.118                   Wall time [min]:     0.259
 
 Character table for point group C1:
 
          E  
    A     1
 
 Number of basis functions per irrep:
    A     128
 
 
 Calculation of overlap integrals...
 CPU time [min]:     0.122                   Wall time [min]:     0.259
 
 Calculation of the square root of the overlap matrix...
 Minimum eigenvalue of the overlap matrix: 0.339601E-02
 CPU time [min]:     0.133                   Wall time [min]:     0.260
 
 Calculation of kinetic energy integrals...
 CPU time [min]:     0.134                   Wall time [min]:     0.260
 Calculation of nuclear attraction integrals...
 CPU time [min]:     0.134                   Wall time [min]:     0.260
 Calculation of core potential integrals...
 CPU time [min]:     0.330                   Wall time [min]:     0.365
 
 Calculation of prescreening integrals...
 CPU time [min]:     0.463                   Wall time [min]:     0.369
 
 Calculation of two-electron integrals...
   1% done.
  15% done.
  32% done.
  57% done.
  80% done.
 100% done.
 CPU time [min]:     5.422                   Wall time [min]:     0.507

 ************************ 2023-08-02 15:44:45 *************************
 Executing scf...

 @scfsetup: integrals taken from disk
            mrcc/integ binary format
 @scfsetup: calculating on full matrices
            not using symmetry adapted basis
 @scfsetup: diis switched on
 @scfsetup: number of steps to extrapolate from  10
 @scfsetup: tolerance in energy deviation    0.100000E-05
            tolerance in density deviation    0.100000E-06
 @scfsetup: maximum number of iterations:  50
 @scfsetup: restricted closed shell hf calc
 @scfsetup: starting scf from superposition of atomic densities
 @scfsetup: occupation set:
            from initial orbitals
 @scfsetup: Parameter-set for SCF acceleration: difficult
 @scfsetup: diis runs from iteration:   2
 @scfsetup: diis runs to iteration:  50
 @scfsetup: diis runs in every iteration
 @scfsetup: diiswatch is disabled                   
 @scfsetup: diis dtol criteria to switch on:      0.0000E+00
           (or the iteration number below is reached)
 @scfsetup: damping is turned off.
 @scfsetup: dynamic level shifting
            tolarance in HOMO-LUMO gap:  0.200
            tolarance in density deviation:     0.0000E+00
            iteration step criteria to turn level shifting off: 8
 Allocation of 1500.0 Gbytes of memory...
 ======================================================================
 ITERATION STEP   1
 CPU time [min]:     0.032                   Wall time [min]:     0.004
 

 SCF control                  : initial
 Damping factor/level shift   : 0.000/0.200
 DIIS [start/end/frequency]   :   2 / 50 /  1

 Gradient norm:      2.5245E+00
 RMS of [F,P]:                                         0.04477342155143
 RMS of difference density:                            0.02899920316672
 Gap [au]:  0.14313734
 ALPHA OCC:  38
 BETA  OCC:  38
 
 ***HARTREE-FOCK ENERGY IN STEP   1 IS       -537.7355556134898507 [AU]
 ======================================================================
 ITERATION STEP   2
 CPU time [min]:     0.163                   Wall time [min]:     0.028
 

 SCF control                  : diis
 Damping factor/level shift   : 0.000/0.200
 DIIS [start/end/frequency]   :   2 / 50 /  1

 Gradient norm:      4.6645E-01
 DIIS is running in this iteration step.
 RMS of [F,P]:                                         0.01354071644132
 RMS of difference density:                            0.01575446163180
 Gap [au]:  0.21942634
 ALPHA OCC:  38
 BETA  OCC:  38
 
 ***HARTREE-FOCK ENERGY IN STEP   2 IS       -538.8715583323335068 [AU]
 
 Step comparison  Energy Drift [au]  DIIS error drift  Gradient drift
        1            1.1360E+00         3.1233E-02       2.0581E+00
        2            5.3887E+02         1.0000E-07       2.0581E+00
 ======================================================================
 ITERATION STEP   3
 CPU time [min]:     0.293                   Wall time [min]:     0.035
 

 SCF control                  : diis
 Damping factor/level shift   : 0.000/0.000
 DIIS [start/end/frequency]   :   2 / 50 /  1

 Gradient norm:      1.5243E-01
 DIIS is running in this iteration step.
 RMS of [F,P]:                                         0.00481801128915
 RMS of difference density:                            0.00441062363029
 Gap [au]:  0.20335579
 ALPHA OCC:  38
 BETA  OCC:  38
 
 ***HARTREE-FOCK ENERGY IN STEP   3 IS       -539.0957813189254466 [AU]
 
 Step comparison  Energy Drift [au]  DIIS error drift  Gradient drift
        2            2.2422E-01         8.7227E-03       3.1402E-01
 ======================================================================
 ITERATION STEP   4
 CPU time [min]:     0.440                   Wall time [min]:     0.042
 

 SCF control                  : diis
 Damping factor/level shift   : 0.000/0.000
 DIIS [start/end/frequency]   :   2 / 50 /  1

 Gradient norm:      3.5890E-02
 DIIS is running in this iteration step.
 RMS of [F,P]:                                         0.00070033724444
 RMS of difference density:                            0.00122073699211
 Gap [au]:  0.20924915
 ALPHA OCC:  38
 BETA  OCC:  38
 
 ***HARTREE-FOCK ENERGY IN STEP   4 IS       -539.1336165475413509 [AU]
 
 Step comparison  Energy Drift [au]  DIIS error drift  Gradient drift
        3            3.7835E-02         4.1177E-03       1.1654E-01
 ======================================================================
 ITERATION STEP   5
 CPU time [min]:     0.568                   Wall time [min]:     0.049
 

 SCF control                  : diis
 Damping factor/level shift   : 0.000/0.000
 DIIS [start/end/frequency]   :   2 / 50 /  1

 Gradient norm:      1.3812E-02
 DIIS is running in this iteration step.
 RMS of [F,P]:                                         0.00040687968163
 RMS of difference density:                            0.00090884052696
 Gap [au]:  0.21175434
 ALPHA OCC:  38
 BETA  OCC:  38
 
 ***HARTREE-FOCK ENERGY IN STEP   5 IS       -539.1352505487532198 [AU]
 
 Step comparison  Energy Drift [au]  DIIS error drift  Gradient drift
        4            1.6340E-03         2.9346E-04       2.2078E-02
 ======================================================================
 ITERATION STEP   6
 CPU time [min]:     0.698                   Wall time [min]:     0.057
 

 SCF control                  : diis
 Damping factor/level shift   : 0.000/0.000
 DIIS [start/end/frequency]   :   2 / 50 /  1

 Gradient norm:      4.5096E-03
 DIIS is running in this iteration step.
 RMS of [F,P]:                                         0.00008677183591
 RMS of difference density:                            0.00021900644560
 Gap [au]:  0.21167811
 ALPHA OCC:  38
 BETA  OCC:  38
 
 ***HARTREE-FOCK ENERGY IN STEP   6 IS       -539.1357698550516488 [AU]
 
 Step comparison  Energy Drift [au]  DIIS error drift  Gradient drift
        5            5.1931E-04         3.2011E-04       9.3028E-03
 ======================================================================
 ITERATION STEP   7
 CPU time [min]:     0.826                   Wall time [min]:     0.064
 

 SCF control                  : diis
 Damping factor/level shift   : 0.000/0.000
 DIIS [start/end/frequency]   :   2 / 50 /  1

 Gradient norm:      2.1459E-03
 DIIS is running in this iteration step.
 RMS of [F,P]:                                         0.00004137042066
 RMS of difference density:                            0.00009857428683
 Gap [au]:  0.21191245
 ALPHA OCC:  38
 BETA  OCC:  38
 
 ***HARTREE-FOCK ENERGY IN STEP   7 IS       -539.1358140909724170 [AU]
 
 Step comparison  Energy Drift [au]  DIIS error drift  Gradient drift
        6            4.4236E-05         4.5401E-05       2.3637E-03
 ======================================================================
 ITERATION STEP   8
 CPU time [min]:     0.955                   Wall time [min]:     0.071
 

 SCF control                  : diis
 Damping factor/level shift   : 0.000/0.000
 DIIS [start/end/frequency]   :   2 / 50 /  1

 Gradient norm:      1.0524E-03
 DIIS is running in this iteration step.
 RMS of [F,P]:                                         0.00001138929722
 RMS of difference density:                            0.00004631062390
 Gap [au]:  0.21193278
 ALPHA OCC:  38
 BETA  OCC:  38
 
 ***HARTREE-FOCK ENERGY IN STEP   8 IS       -539.1358247612411105 [AU]
 
 Step comparison  Energy Drift [au]  DIIS error drift  Gradient drift
        7            1.0670E-05         2.9981E-05       1.0935E-03
 ======================================================================
 ITERATION STEP   9
 CPU time [min]:     1.083                   Wall time [min]:     0.078
 

 SCF control                  : diis
 Damping factor/level shift   : 0.000/0.000
 DIIS [start/end/frequency]   :   2 / 50 /  1

 Gradient norm:      3.5764E-04
 DIIS is running in this iteration step.
 RMS of [F,P]:                                         0.00000424514454
 RMS of difference density:                            0.00001768752039
 Gap [au]:  0.21189627
 ALPHA OCC:  38
 BETA  OCC:  38
 
 ***HARTREE-FOCK ENERGY IN STEP   9 IS       -539.1358265113053676 [AU]
 
 Step comparison  Energy Drift [au]  DIIS error drift  Gradient drift
        8            1.7501E-06         7.1442E-06       6.9480E-04
 ======================================================================
 ITERATION STEP  10
 CPU time [min]:     1.211                   Wall time [min]:     0.085
 

 SCF control                  : diis
 Damping factor/level shift   : 0.000/0.000
 DIIS [start/end/frequency]   :   2 / 50 /  1

 Gradient norm:      8.2262E-05
 DIIS is running in this iteration step.
 RMS of [F,P]:                                         0.00000102515864
 RMS of difference density:                            0.00000408011040
 Gap [au]:  0.21189352
 ALPHA OCC:  38
 BETA  OCC:  38
 
 ***HARTREE-FOCK ENERGY IN STEP  10 IS       -539.1358267277039431 [AU]
 
 Step comparison  Energy Drift [au]  DIIS error drift  Gradient drift
        9            2.1640E-07         3.2200E-06       2.7538E-04
 ======================================================================
 ITERATION STEP  11
 CPU time [min]:     1.338                   Wall time [min]:     0.092
 

 SCF control                  : diis
 Damping factor/level shift   : 0.000/0.000
 DIIS [start/end/frequency]   :   2 / 50 /  1

 Gradient norm:      2.2305E-05
 DIIS is running in this iteration step.
 RMS of [F,P]:                                         0.00000041528788
 RMS of difference density:                            0.00000145400742
 Gap [au]:  0.21189117
 ALPHA OCC:  38
 BETA  OCC:  38
 
 ***HARTREE-FOCK ENERGY IN STEP  11 IS       -539.1358267386874559 [AU]
 
 Step comparison  Energy Drift [au]  DIIS error drift  Gradient drift
       10            1.0984E-08         6.0987E-07       5.9957E-05
 ======================================================================
 ITERATION STEP  12
 CPU time [min]:     1.465                   Wall time [min]:     0.098
 

 SCF control                  : diis
 Damping factor/level shift   : 0.000/0.000
 DIIS [start/end/frequency]   :   2 / 50 /  1

 Gradient norm:      7.5098E-06
 DIIS is running in this iteration step.
 RMS of [F,P]:                                         0.00000011968153
 RMS of difference density:                            0.00000044744268
 Gap [au]:  0.21189100
 ALPHA OCC:  38
 BETA  OCC:  38
 
 ***HARTREE-FOCK ENERGY IN STEP  12 IS       -539.1358267402056299 [AU]
 
 Step comparison  Energy Drift [au]  DIIS error drift  Gradient drift
       11            1.5182E-09         2.9561E-07       1.4795E-05
 ======================================================================
 ITERATION STEP  13
 CPU time [min]:     1.592                   Wall time [min]:     0.105
 

 SCF control                  : diis
 Damping factor/level shift   : 0.000/0.000
 DIIS [start/end/frequency]   :   2 / 50 /  1

 Gradient norm:      3.3046E-06
 DIIS is running in this iteration step.
 RMS of [F,P]:                                         0.00000005770207
 RMS of difference density:                            0.00000010587324
 Gap [au]:  0.21189095
 ALPHA OCC:  38
 BETA  OCC:  38
 
 ***HARTREE-FOCK ENERGY IN STEP  13 IS       -539.1358267403832087 [AU]
 
 Step comparison  Energy Drift [au]  DIIS error drift  Gradient drift
       12            1.7758E-10         6.1979E-08       4.2052E-06
 ======================================================================
 ITERATION STEP  14
 CPU time [min]:     1.755                   Wall time [min]:     0.113
 

 SCF control                  : diis
 Damping factor/level shift   : 0.000/0.000
 DIIS [start/end/frequency]   :   2 / 50 /  1

 Gradient norm:      2.0706E-06
 DIIS is running in this iteration step.
 RMS of [F,P]:                                         0.00000003464589
 RMS of difference density:                            0.00000010801979
 Gap [au]:  0.21189078
 ALPHA OCC:  38
 BETA  OCC:  38
 
 ***HARTREE-FOCK ENERGY IN STEP  14 IS       -539.1358267404023081 [AU]
 
 Step comparison  Energy Drift [au]  DIIS error drift  Gradient drift
       13            1.9099E-11         2.3056E-08       1.2340E-06
 ======================================================================
 ITERATION STEP  15
 CPU time [min]:     1.882                   Wall time [min]:     0.120
 

 SCF control                  : diis
 Damping factor/level shift   : 0.000/0.000
 DIIS [start/end/frequency]   :   2 / 50 /  1

 Gradient norm:      9.4143E-07
 DIIS is running in this iteration step.
 RMS of [F,P]:                                         0.00000001064535
 RMS of difference density:                            0.00000005259941
 Gap [au]:  0.21189068
 ALPHA OCC:  38
 BETA  OCC:  38
 
 ***HARTREE-FOCK ENERGY IN STEP  15 IS       -539.1358267404114031 [AU]
 
 Step comparison  Energy Drift [au]  DIIS error drift  Gradient drift
       14            9.0949E-12         2.4001E-08       1.1292E-06
 ======================================================================
 
 SUCCESS...
 THE SCF ITERATION HAS CONVERGED!
 
                   A   
 FINAL ALPHA OCC:  38
 FINAL BETA  OCC:  38
 
 ***FINAL HARTREE-FOCK ENERGY:       -539.1358267404114031 [AU]
 
 Orbital energies [au]:
      Irrep         Alpha          Beta
    1   A         -4.695190      -4.695190
    2   A         -4.694641      -4.694641
    3   A         -4.660362      -4.660362
    4   A         -4.660355      -4.660355
    5   A         -2.768673      -2.768673
    6   A         -2.760953      -2.760953
    7   A         -2.759435      -2.759435
    8   A         -2.757520      -2.757520
    9   A         -2.756236      -2.756236
   10   A         -2.755383      -2.755383
   11   A         -2.725242      -2.725242
   12   A         -2.724455      -2.724455
   13   A         -2.721439      -2.721439
   14   A         -2.721079      -2.721079
   15   A         -2.718379      -2.718379
   16   A         -2.718350      -2.718350
   17   A         -0.558613      -0.558613
   18   A         -0.551209      -0.551209
   19   A         -0.522776      -0.522776
   20   A         -0.522181      -0.522181
   21   A         -0.512529      -0.512529
   22   A         -0.507637      -0.507637
   23   A         -0.488636      -0.488636
   24   A         -0.488000      -0.488000
   25   A         -0.455670      -0.455670
   26   A         -0.451952      -0.451952
   27   A         -0.449001      -0.449001
   28   A         -0.441755      -0.441755
   29   A         -0.440131      -0.440131
   30   A         -0.437613      -0.437613
   31   A         -0.426798      -0.426798
   32   A         -0.425184      -0.425184
   33   A         -0.420564      -0.420564
   34   A         -0.418266      -0.418266
   35   A         -0.414629      -0.414629
   36   A         -0.386410      -0.386410
   37   A         -0.366254      -0.366254
   38   A         -0.236122      -0.236122
 
   39   A         -0.024231      -0.024231
   40   A          0.017139       0.017139
   41   A          0.040913       0.040913
   42   A          0.074245       0.074245
   43   A          0.078353       0.078353
   44   A          0.105384       0.105384
   45   A          0.106833       0.106833
   46   A          0.133644       0.133644
   47   A          0.159498       0.159498
   48   A          0.171038       0.171038
   49   A          0.189422       0.189422
   50   A          0.206840       0.206840
   51   A          0.224120       0.224120
   52   A          0.236856       0.236856
   53   A          0.269540       0.269540
   54   A          0.313243       0.313243
   55   A          0.337702       0.337702
   56   A          0.354430       0.354430
   57   A          0.578727       0.578727
   58   A          0.596620       0.596620
   59   A          0.611105       0.611105
   60   A          0.648692       0.648692
   61   A          0.648841       0.648841
   62   A          0.651512       0.651512
   63   A          0.656664       0.656664
   64   A          0.674135       0.674135
   65   A          0.681698       0.681698
   66   A          0.700542       0.700542
   67   A          0.709748       0.709748
   68   A          0.711927       0.711927
   69   A          0.735162       0.735162
   70   A          0.775655       0.775655
   71   A          0.781717       0.781717
   72   A          0.803747       0.803747
   73   A          0.822089       0.822089
   74   A          0.826437       0.826437
   75   A          0.837957       0.837957
   76   A          0.935293       0.935293
   77   A          1.044760       1.044760
   78   A          1.050399       1.050399
   79   A          1.061356       1.061356
   80   A          1.072464       1.072464
   81   A          1.103438       1.103438
   82   A          1.111775       1.111775
   83   A          1.124004       1.124004
   84   A          1.261431       1.261431
   85   A          1.271732       1.271732
   86   A          1.376231       1.376231
   87   A          1.442951       1.442951
   88   A          1.555046       1.555046
   89   A          1.760799       1.760799
   90   A          1.789498       1.789498
   91   A          1.789605       1.789605
   92   A          1.793854       1.793854
   93   A          1.812533       1.812533
   94   A          1.812590       1.812590
   95   A          1.817489       1.817489
   96   A          1.825533       1.825533
   97   A          1.826307       1.826307
   98   A          1.835743       1.835743
   99   A          1.856414       1.856414
  100   A          1.878744       1.878744
  101   A          1.885560       1.885560
  102   A          1.886533       1.886533
  103   A          1.891177       1.891177
  104   A          1.925684       1.925684
  105   A          1.953047       1.953047
  106   A          1.955547       1.955547
  107   A          1.956271       1.956271
  108   A          1.959070       1.959070
  109   A          1.959278       1.959278
  110   A          1.962287       1.962287
  111   A          1.967130       1.967130
  112   A          1.992371       1.992371
  113   A          2.004119       2.004119
  114   A          2.015564       2.015564
  115   A          2.117384       2.117384
  116   A          2.164597       2.164597
  117   A          2.288009       2.288009
  118   A          2.380233       2.380233
  119   A          2.494039       2.494039
  120   A          2.526115       2.526115
  121   A         41.895672      41.895672
  122   A         41.931588      41.931588
  123   A         41.972176      41.972176
  124   A         42.009295      42.009295
  125   A        200.234496     200.234496
  126   A        200.263955     200.263955
  127   A        200.267318     200.267318
  128   A        200.296301     200.296301
 
 RETURNING FROM SCF ALGORITHM
 ======================================================================

 ************************ 2023-08-02 15:44:53 *************************
 Executing ovirt...

 ovirt, the routine of orbital optimization and integral transformation 
Wed Aug  2 15:44:53 BST 2023
 memory =                1536000  Mb          201326592000  8 byte word
 mrccboot = T
 scftype  = rhf  
 localcc  = off 
 core     = 16    
 ovirt    = mp2  
 ccprog   = mrcc
 dfnbasis =                      0
 dfbasis_cor =none                
 lmp2dens = on 
 dens =                      0
 verblev =                      3
 Virtual orbitals will be optimized using MP2 natural orbitals
 WARNING: No correction for the dropped NOs is calculated.
 threshold for the individual population:   1.0000E-06
 task     =                      2
 epsilon =   1.000000000000000E-006
 lmp2= on 
 localNO  =  F
 localMP2 =  F
 localMP2_TEST =  F
 LMP2_shortcut =  F
 FOCKTR   =  T
 Allocated memory:                 1536000  Mb
 onbasis=                   128
 RHF calculation! 
 integral transformation: AOs ------ MOs
 # of basis functions, # of int. blocks   128     1
100 % 
 second part
100 %
 integral transformation is completed! 
CPU and WC time          25.75           7.92     AOs -> MOs 
 occupied and 
     1 -0.5586134764
     2 -0.5512093295
     3 -0.5227756461
     4 -0.5221807532
     5 -0.5125292060
     6 -0.5076370839
     7 -0.4886361529
     8 -0.4879996518
     9 -0.4556697044
    10 -0.4519523597
    11 -0.4490009898
    12 -0.4417552547
    13 -0.4401305728
    14 -0.4376131541
    15 -0.4267979436
    16 -0.4251838191
    17 -0.4205642110
    18 -0.4182656787
    19 -0.4146288845
    20 -0.3864099618
    21 -0.3662542085
    22 -0.2361219798
               virtual energies 
    23 -0.0242312950
    24  0.0171385628
    25  0.0409130659
    26  0.0742448192
    27  0.0783525542
    28  0.1053839280
    29  0.1068333352
    30  0.1336437426
    31  0.1594978645
    32  0.1710376745
    33  0.1894219573
    34  0.2068400584
    35  0.2241199300
    36  0.2368558779
    37  0.2695398179
    38  0.3132430040
    39  0.3377017131
    40  0.3544296867
    41  0.5787272893
    42  0.5966201836
    43  0.6111051565
    44  0.6486921623
    45  0.6488413253
    46  0.6515121891
    47  0.6566644608
    48  0.6741351302
    49  0.6816981097
    50  0.7005423162
    51  0.7097480914
    52  0.7119268515
    53  0.7351617417
    54  0.7756548843
    55  0.7817168774
    56  0.8037473663
    57  0.8220885648
    58  0.8264372392
    59  0.8379568558
    60  0.9352926308
    61  1.0447600945
    62  1.0503991575
    63  1.0613559036
    64  1.0724635344
    65  1.1034379512
    66  1.1117747538
    67  1.1240042281
    68  1.2614312134
    69  1.2717315578
    70  1.3762309859
    71  1.4429512917
    72  1.5550464772
    73  1.7607994597
    74  1.7894977355
    75  1.7896051502
    76  1.7938538262
    77  1.8125329839
    78  1.8125903353
    79  1.8174885864
    80  1.8255329851
    81  1.8263073211
    82  1.8357433008
    83  1.8564137083
    84  1.8787440357
    85  1.8855601686
    86  1.8865329842
    87  1.8911766312
    88  1.9256837685
    89  1.9530469337
    90  1.9555465576
    91  1.9562708191
    92  1.9590701690
    93  1.9592777852
    94  1.9622865192
    95  1.9671302162
    96  1.9923714308
    97  2.0041194657
    98  2.0155638189
    99  2.1173842750
   100  2.1645967597
   101  2.2880086960
   102  2.3802325539
   103  2.4940388654
   104  2.5261153245
   105 41.8956723233
   106 41.9315880680
   107 41.9721763937
   108 42.0092948749
   109200.2344964694
   110200.2639554007
   111200.2673180131
   112200.2963006319
 dim. of the original and the reduced basis   112   105
# of orig., reduced and frozen orbs:    128   105    16
 integral transformation: AOs ------ optimized MOs
 # of basis functions, # of int. blocks   128     1
100 % 
 second part
100 %
 integral transformation is completed! 
 # of basis functions:                    105                     3
 One particle energies: 
 -0.558613 -0.551209 -0.522776 -0.522181 -0.512529 -0.507637 -0.488636 -0.488000
 -0.455670 -0.451952 -0.449001 -0.441755 -0.440131 -0.437613 -0.426798 -0.425184
 -0.420564 -0.418266 -0.414629 -0.386410 -0.366254 -0.236122 -0.024148  0.017215
  0.040913  0.074245  0.078383  0.105389  0.106833  0.133644  0.159709  0.171038
  0.189513  0.206844  0.224150  0.236856  0.269730  0.313675  0.339275  0.355401
  0.578727  0.596620  0.611105  0.648714  0.648847  0.651738  0.656664  0.674135
  0.681705  0.700542  0.709764  0.711930  0.735178  0.775655  0.781717  0.803747
  0.822089  0.826437  0.837993  0.935296  1.044760  1.050399  1.061356  1.072464
  1.103438  1.111913  1.124126  1.261458  1.271780  1.376231  1.443142  1.555062
  1.760800  1.789498  1.789646  1.793858  1.812533  1.812590  1.817489  1.825533
  1.826307  1.835744  1.856420  1.878744  1.885560  1.886533  1.891177  1.925684
  1.953053  1.955547  1.956271  1.959070  1.959289  1.962287  1.967130  1.992876
  2.004271  2.015941  2.117384  2.164656  2.289307  2.382608  2.498071  2.528373
 42.450279
CPU and WC time         289.17          21.96     AO -> Opt MO 
 inttol =   1.000000000000000E-010   10.0000000000000     
Integrals are written to fort.55
Wed Aug  2 15:45:56 BST 2023
  ovirt terminated normally 

 ************************ 2023-08-02 15:45:56 *************************
 Executing goldstone...

 Generation of CC equations in terms of H and T...
 Generation of antisymmetrized Goldstone diagrams...
 Number of diagrams in T^1 equations:    15
 Number of diagrams in T^2 equations:    38
 Number of diagrams in T^3 equations:    49
 Number of diagrams in T^4 equations:     5
 Translation of diagrams to factorized equations...
 Optimizing intermediate calculation...
 Number of floating-point operations per iteration step:   3.3098E+16
 Probable CPU time per iteration step (hours): 330977.55
 Required memory (Mbytes): *********
 Number of intermediates:                                  80
 Number of intermediates to be stored:                     31
 Length of intermediate file (Mbytes):   71562.3

 ************************ 2023-08-02 15:45:57 *************************
 Executing xmrcc...

 **********************************************************************
 CC(3)(4) calculation 
 
 
 Allocation of****** Mbytes of memory...
 Number of spinorbitals:                   210
 Number of alpha electrons:                       22
 Number of beta electrons:                        22
 Spin multiplicity:                     1
 z-component of spin:  0.0
 Spatial symmetry:                      1
 Convergence criterion:  1.0E-06
 Construction of occupation graphs...
 Number of                     0 -fold excitations:                      1
 Number of                     1 -fold excitations:                   3652
 Number of                     2 -fold excitations:                4906462
 Number of                     3 -fold excitations:             3153805116
 Total number of configurations:             3158715231
 Calculation of coupling coefficients...
 Length of intermediate file (Mbytes):   45749.3
 
 ======================================================================
 
 Spin case  1   Alpha:  0   Beta:  4
 Number of excitations:            13442190300
 Spin case  2   Alpha:  1   Beta:  3
 Number of excitations:           258373047240
 Spin case  3   Alpha:  2   Beta:  2
 Number of excitations:           617942204649
 Number of                     4 -fold excitations:          1161572679729
 
 Memory requirements /Mbyte/: 
               Minimal        Optimal
 Real*8:     405561.2304    405561.2304
 Integer:        15.4066
 Total:      405576.6370    405576.6370
 

 ************************ 2023-08-02 15:46:01 *************************
 Executing mrcc...

 **********************************************************************
 CCSDT(Q) calculation                                                   
 
 
 OpenMP parallel version is running.
 Number of CPU cores:  36
 Allocation of******* Mbytes of memory...
 Number of spinorbitals: 210
 Number of alpha electrons: 22
 Number of beta  electrons: 22
 Spin multiplicity: 1
 z-component of spin:  0.0
 Spatial symmetry: 1
 Convergence criterion:  1.0E-06
 Construction of occupation graphs...
 Number of 0-fold excitations: 1
 Number of 1-fold excitations: 3652
 Number of 2-fold excitations: 4906462
 Number of 3-fold excitations: 3153805116
 Total number of determinants: 3158715231
 Calculation of coupling coefficients...
 Initial cluster amplitudes are generated.
 Length of intermediate file (Mbytes):   45749.3
 Reading integral list from unit 55...
 Sorting integrals...
 Energy of reference determinant [au]:    -539.135826740413
 Calculation of MP denominators...
 
 Starting CC iteration...
 ======================================================================
